{
  "id" : "375d5da9:1483af80904:-7ffd",
  "result" : {
    "success" : true,
    "status" : 200,
    "content" : [ {
      "accountId" : null,
      "id" : "40005733",
      "challengeName" : "Client 40005502 Billing Account 2 Project 6 Development Contest 233",
      "challengeType" : "Development",
      "clientName" : "Client 40005502",
      "clientId" : 40005502,
      "billingName" : "Client 40005502 Billing Account 2",
      "billingId" : 40005504,
      "directProjectName" : "Client 40005502 Billing Account 2 Project 6",
      "directProjectId" : 40005524,
      "challengeTechnologies" : [ ".NET", "COM" ],
      "challengePlatforms" : [ ],
      "challengeStartDate" : "08/01/2014 20:00",
      "challengeEndDate" : "08/20/2014 20:00",
      "memberPrize" : {
        "prizes" : [ {
          "id" : "40006173"
        }, {
          "id" : "40006174"
        } ],
        "checkPointPrizes" : [ ],
        "totalPrize" : 1200.0,
        "drPoints" : 360.0,
        "reliabilityBonus" : 240.0
      },
      "drPoints" : 360.0,
      "reviewCost" : null,
      "challengeFee" : null,
      "challengeStatus" : "Completed"
    }, {
      "accountId" : null,
      "id" : "40005710",
      "challengeName" : "Client 40005502 Billing Account 2 Project 3 Design Contest 210",
      "challengeType" : "Design",
      "clientName" : "Client 40005502",
      "clientId" : 40005502,
      "billingName" : "Client 40005502 Billing Account 2",
      "billingId" : 40005504,
      "directProjectName" : "Client 40005502 Billing Account 2 Project 3",
      "directProjectId" : 40005521,
      "challengeTechnologies" : [ ".NET 3.5", "Apache Derby", "Castor", "Custom Tag", "VB.NET" ],
      "challengePlatforms" : [ ],
      "challengeStartDate" : "08/01/2014 20:00",
      "challengeEndDate" : "08/20/2014 20:00",
      "memberPrize" : {
        "prizes" : [ {
          "id" : "40006108"
        }, {
          "id" : "40006109"
        } ],
        "checkPointPrizes" : [ ],
        "totalPrize" : 1500.0,
        "drPoints" : 450.0,
        "reliabilityBonus" : 300.0
      },
      "drPoints" : 450.0,
      "reviewCost" : null,
      "challengeFee" : null,
      "challengeStatus" : "Cancelled - Winner Unresponsive"
    }, {
      "accountId" : null,
      "id" : "40005689",
      "challengeName" : "Client 40005502 Billing Account 2 Project 1 Design Contest 189",
      "challengeType" : "Design",
      "clientName" : "Client 40005502",
      "clientId" : 40005502,
      "billingName" : "Client 40005502 Billing Account 2",
      "billingId" : 40005504,
      "directProjectName" : "Client 40005502 Billing Account 2 Project 1",
      "directProjectId" : 40005519,
      "challengeTechnologies" : [ "AJAX", "HTML", "HTTP", "Windows Server 2003" ],
      "challengePlatforms" : [ ],
      "challengeStartDate" : "08/01/2014 20:00",
      "challengeEndDate" : "08/20/2014 20:00",
      "memberPrize" : {
        "prizes" : [ {
          "id" : "40006048"
        }, {
          "id" : "40006049"
        } ],
        "checkPointPrizes" : [ ],
        "totalPrize" : 1800.0,
        "drPoints" : 540.0,
        "reliabilityBonus" : 380.0
      },
      "drPoints" : 540.0,
      "reviewCost" : null,
      "challengeFee" : null,
      "challengeStatus" : "Cancelled - Failed Screening"
    }, {
      "accountId" : null,
      "id" : "40005683",
      "challengeName" : "Client 40005502 Billing Account 2 Project 1 Development Contest 183",
      "challengeType" : "Development",
      "clientName" : "Client 40005502",
      "clientId" : 40005502,
      "billingName" : "Client 40005502 Billing Account 2",
      "billingId" : 40005504,
      "directProjectName" : "Client 40005502 Billing Account 2 Project 1",
      "directProjectId" : 40005519,
      "challengeTechnologies" : [ ".NET 3.5", "VB" ],
      "challengePlatforms" : [ ],
      "challengeStartDate" : "08/01/2014 20:00",
      "challengeEndDate" : "08/20/2014 20:00",
      "memberPrize" : {
        "prizes" : [ {
          "id" : "40006031"
        }, {
          "id" : "40006032"
        } ],
        "checkPointPrizes" : [ ],
        "totalPrize" : 1500.0,
        "drPoints" : 450.0,
        "reliabilityBonus" : 300.0
      },
      "drPoints" : 450.0,
      "reviewCost" : null,
      "challengeFee" : null,
      "challengeStatus" : "Completed"
    }, {
      "accountId" : null,
      "id" : "40005676",
      "challengeName" : "Client 40005502 Billing Account 1 Project 6 Development Contest 176",
      "challengeType" : "Development",
      "clientName" : "Client 40005502",
      "clientId" : 40005502,
      "billingName" : "Client 40005502 Billing Account 1",
      "billingId" : 40005503,
      "directProjectName" : "Client 40005502 Billing Account 1 Project 6",
      "directProjectId" : 40005518,
      "challengeTechnologies" : [ "Java" ],
      "challengePlatforms" : [ ],
      "challengeStartDate" : "08/01/2014 20:00",
      "challengeEndDate" : "08/20/2014 20:00",
      "memberPrize" : {
        "prizes" : [ {
          "id" : "40006006"
        }, {
          "id" : "40006007"
        } ],
        "checkPointPrizes" : [ ],
        "totalPrize" : 1200.0,
        "drPoints" : 360.0,
        "reliabilityBonus" : 240.0
      },
      "drPoints" : 360.0,
      "reviewCost" : null,
      "challengeFee" : null,
      "challengeStatus" : "Active"
    }, {
      "accountId" : null,
      "id" : "40005663",
      "challengeName" : "Client 40005502 Billing Account 1 Project 5 Design Contest 163",
      "challengeType" : "Design",
      "clientName" : "Client 40005502",
      "clientId" : 40005502,
      "billingName" : "Client 40005502 Billing Account 1",
      "billingId" : 40005503,
      "directProjectName" : "Client 40005502 Billing Account 1 Project 5",
      "directProjectId" : 40005517,
      "challengeTechnologies" : [ "CSS", "SQL Server 2000", "XAML" ],
      "challengePlatforms" : [ ],
      "challengeStartDate" : "08/01/2014 20:00",
      "challengeEndDate" : "08/20/2014 20:00",
      "memberPrize" : {
        "prizes" : [ {
          "id" : "40005966"
        }, {
          "id" : "40005967"
        } ],
        "checkPointPrizes" : [ ],
        "totalPrize" : 1500.0,
        "drPoints" : 450.0,
        "reliabilityBonus" : 300.0
      },
      "drPoints" : 450.0,
      "reviewCost" : null,
      "challengeFee" : null,
      "challengeStatus" : "Completed"
    }, {
      "accountId" : null,
      "id" : "40005660",
      "challengeName" : "Client 40005502 Billing Account 1 Project 4 Design Contest 160",
      "challengeType" : "Design",
      "clientName" : "Client 40005502",
      "clientId" : 40005502,
      "billingName" : "Client 40005502 Billing Account 1",
      "billingId" : 40005503,
      "directProjectName" : "Client 40005502 Billing Account 1 Project 4",
      "directProjectId" : 40005516,
      "challengeTechnologies" : [ ".NET 3.0", "Custom Tag" ],
      "challengePlatforms" : [ ],
      "challengeStartDate" : "08/01/2014 20:00",
      "challengeEndDate" : "08/20/2014 20:00",
      "memberPrize" : {
        "prizes" : [ {
          "id" : "40005958"
        }, {
          "id" : "40005959"
        } ],
        "checkPointPrizes" : [ ],
        "totalPrize" : 1200.0,
        "drPoints" : 360.0,
        "reliabilityBonus" : 240.0
      },
      "drPoints" : 360.0,
      "reviewCost" : null,
      "challengeFee" : null,
      "challengeStatus" : "Cancelled - Zero Registrations"
    }, {
      "accountId" : null,
      "id" : "40005627",
      "challengeName" : "Client 40005502 Billing Account 1 Project 1 Design Contest 127",
      "challengeType" : "Design",
      "clientName" : "Client 40005502",
      "clientId" : 40005502,
      "billingName" : "Client 40005502 Billing Account 1",
      "billingId" : 40005503,
      "directProjectName" : "Client 40005502 Billing Account 1 Project 1",
      "directProjectId" : 40005513,
      "challengeTechnologies" : [ "C++", "JSF", "Oracle 9i" ],
      "challengePlatforms" : [ ],
      "challengeStartDate" : "08/01/2014 20:00",
      "challengeEndDate" : "08/20/2014 20:00",
      "memberPrize" : {
        "prizes" : [ {
          "id" : "40005869"
        }, {
          "id" : "40005870"
        } ],
        "checkPointPrizes" : [ ],
        "totalPrize" : 1200.0,
        "drPoints" : 360.0,
        "reliabilityBonus" : 240.0
      },
      "drPoints" : 360.0,
      "reviewCost" : null,
      "challengeFee" : null,
      "challengeStatus" : "Active"
    }, {
      "accountId" : null,
      "id" : "40005623",
      "challengeName" : "Client 40005502 Billing Account 1 Project 1 Development Contest 123",
      "challengeType" : "Development",
      "clientName" : "Client 40005502",
      "clientId" : 40005502,
      "billingName" : "Client 40005502 Billing Account 1",
      "billingId" : 40005503,
      "directProjectName" : "Client 40005502 Billing Account 1 Project 1",
      "directProjectId" : 40005513,
      "challengeTechnologies" : [ ".NET", "Java" ],
      "challengePlatforms" : [ ],
      "challengeStartDate" : "08/01/2014 20:00",
      "challengeEndDate" : "08/20/2014 20:00",
      "memberPrize" : {
        "prizes" : [ {
          "id" : "40005858"
        }, {
          "id" : "40005859"
        } ],
        "checkPointPrizes" : [ ],
        "totalPrize" : 1800.0,
        "drPoints" : 540.0,
        "reliabilityBonus" : 380.0
      },
      "drPoints" : 540.0,
      "reviewCost" : null,
      "challengeFee" : null,
      "challengeStatus" : "Completed"
    }, {
      "accountId" : null,
      "id" : "40005606",
      "challengeName" : "Client 40005501 Billing Account 2 Project 5 Design Contest 106",
      "challengeType" : "Design",
      "clientName" : "Client 40005501",
      "clientId" : 40005501,
      "billingName" : "Client 40005501 Billing Account 2",
      "billingId" : 40005502,
      "directProjectName" : "Client 40005501 Billing Account 2 Project 5",
      "directProjectId" : 40005511,
      "challengeTechnologies" : [ "Swing" ],
      "challengePlatforms" : [ ],
      "challengeStartDate" : "08/01/2014 20:00",
      "challengeEndDate" : "08/20/2014 20:00",
      "memberPrize" : {
        "prizes" : [ {
          "id" : "40005799"
        }, {
          "id" : "40005800"
        } ],
        "checkPointPrizes" : [ ],
        "totalPrize" : 1800.0,
        "drPoints" : 540.0,
        "reliabilityBonus" : 380.0
      },
      "drPoints" : 540.0,
      "reviewCost" : null,
      "challengeFee" : null,
      "challengeStatus" : "Active"
    } ]
  },
  "version" : "v2"
}