{
  "id" : "375d5da9:1483af80904:-7ff9",
  "result" : {
    "success" : true,
    "status" : 200,
    "content" : [ {
      "accountId" : null,
      "id" : "40005650",
      "challengeName" : "Client 40005502 Billing Account 1 Project 3 Application Front-End Design Contest 150",
      "challengeType" : "Application Front-End Design",
      "clientName" : "Client 40005502",
      "clientId" : 40005502,
      "billingName" : "Client 40005502 Billing Account 1",
      "billingId" : 40005503,
      "directProjectName" : "Client 40005502 Billing Account 1 Project 3",
      "directProjectId" : 40005515,
      "challengeTechnologies" : [ ],
      "challengePlatforms" : [ ],
      "challengeStartDate" : "08/01/2014 20:00",
      "challengeEndDate" : "08/20/2014 20:00",
      "memberPrize" : {
        "prizes" : [ {
          "id" : "40005928"
        }, {
          "id" : "40005929"
        }, {
          "id" : "40005930"
        }, {
          "id" : "40005931"
        }, {
          "id" : "40005932"
        } ],
        "checkPointPrizes" : [ ],
        "totalPrize" : 5500.0,
        "drPoints" : 510.0,
        "reliabilityBonus" : null
      },
      "drPoints" : 510.0,
      "reviewCost" : null,
      "challengeFee" : null,
      "challengeStatus" : "Draft"
    }, {
      "accountId" : null,
      "id" : "40005649",
      "challengeName" : "Client 40005502 Billing Account 1 Project 3 Copilot Posting Contest 149",
      "challengeType" : "Copilot Posting",
      "clientName" : "Client 40005502",
      "clientId" : 40005502,
      "billingName" : "Client 40005502 Billing Account 1",
      "billingId" : 40005503,
      "directProjectName" : "Client 40005502 Billing Account 1 Project 3",
      "directProjectId" : 40005515,
      "challengeTechnologies" : [ ],
      "challengePlatforms" : [ ],
      "challengeStartDate" : "08/01/2014 20:00",
      "challengeEndDate" : "08/20/2014 20:00",
      "memberPrize" : {
        "prizes" : [ {
          "id" : "40005926"
        }, {
          "id" : "40005927"
        } ],
        "checkPointPrizes" : [ ],
        "totalPrize" : 1200.0,
        "drPoints" : 360.0,
        "reliabilityBonus" : 240.0
      },
      "drPoints" : 360.0,
      "reviewCost" : null,
      "challengeFee" : null,
      "challengeStatus" : "Cancelled - Zero Submissions"
    }, {
      "accountId" : null,
      "id" : "40005648",
      "challengeName" : "Client 40005502 Billing Account 1 Project 3 RIA Build Contest 148",
      "challengeType" : "RIA Build",
      "clientName" : "Client 40005502",
      "clientId" : 40005502,
      "billingName" : "Client 40005502 Billing Account 1",
      "billingId" : 40005503,
      "directProjectName" : "Client 40005502 Billing Account 1 Project 3",
      "directProjectId" : 40005515,
      "challengeTechnologies" : [ ".NET System.Addins", "JSON", "VB", "WPF" ],
      "challengePlatforms" : [ "Google", "Heroku" ],
      "challengeStartDate" : "08/01/2014 20:00",
      "challengeEndDate" : "08/20/2014 20:00",
      "memberPrize" : {
        "prizes" : [ {
          "id" : "40005924"
        }, {
          "id" : "40005925"
        } ],
        "checkPointPrizes" : [ ],
        "totalPrize" : 1500.0,
        "drPoints" : 450.0,
        "reliabilityBonus" : 300.0
      },
      "drPoints" : 450.0,
      "reviewCost" : null,
      "challengeFee" : null,
      "challengeStatus" : "Deleted"
    }, {
      "accountId" : null,
      "id" : "40005647",
      "challengeName" : "Client 40005502 Billing Account 1 Project 3 Logo Design Contest 147",
      "challengeType" : "Logo Design",
      "clientName" : "Client 40005502",
      "clientId" : 40005502,
      "billingName" : "Client 40005502 Billing Account 1",
      "billingId" : 40005503,
      "directProjectName" : "Client 40005502 Billing Account 1 Project 3",
      "directProjectId" : 40005515,
      "challengeTechnologies" : [ ],
      "challengePlatforms" : [ ],
      "challengeStartDate" : "08/01/2014 20:00",
      "challengeEndDate" : "08/20/2014 20:00",
      "memberPrize" : {
        "prizes" : [ {
          "id" : "40005921"
        }, {
          "id" : "40005922"
        } ],
        "checkPointPrizes" : [ {
          "id" : "40005923"
        } ],
        "totalPrize" : 3198.0,
        "drPoints" : 510.0,
        "reliabilityBonus" : null
      },
      "drPoints" : 510.0,
      "reviewCost" : null,
      "challengeFee" : null,
      "challengeStatus" : "Active"
    }, {
      "accountId" : null,
      "id" : "40005646",
      "challengeName" : "Client 40005502 Billing Account 1 Project 3 Test Scenarios Contest 146",
      "challengeType" : "Test Scenarios",
      "clientName" : "Client 40005502",
      "clientId" : 40005502,
      "billingName" : "Client 40005502 Billing Account 1",
      "billingId" : 40005503,
      "directProjectName" : "Client 40005502 Billing Account 1 Project 3",
      "directProjectId" : 40005515,
      "challengeTechnologies" : [ "ADO.NET", "J2EE", "Objective C", "Ruby" ],
      "challengePlatforms" : [ ],
      "challengeStartDate" : "08/01/2014 20:00",
      "challengeEndDate" : "08/20/2014 20:00",
      "memberPrize" : {
        "prizes" : [ {
          "id" : "40005919"
        }, {
          "id" : "40005920"
        } ],
        "checkPointPrizes" : [ ],
        "totalPrize" : 1500.0,
        "drPoints" : 450.0,
        "reliabilityBonus" : 300.0
      },
      "drPoints" : 450.0,
      "reviewCost" : null,
      "challengeFee" : null,
      "challengeStatus" : "Active"
    }, {
      "accountId" : null,
      "id" : "40005645",
      "challengeName" : "Client 40005502 Billing Account 1 Project 3 Widget or Mobile Screen Design Contest 145",
      "challengeType" : "Widget or Mobile Screen Design",
      "clientName" : "Client 40005502",
      "clientId" : 40005502,
      "billingName" : "Client 40005502 Billing Account 1",
      "billingId" : 40005503,
      "directProjectName" : "Client 40005502 Billing Account 1 Project 3",
      "directProjectId" : 40005515,
      "challengeTechnologies" : [ ],
      "challengePlatforms" : [ ],
      "challengeStartDate" : "08/01/2014 20:00",
      "challengeEndDate" : "08/20/2014 20:00",
      "memberPrize" : {
        "prizes" : [ {
          "id" : "40005914"
        }, {
          "id" : "40005915"
        }, {
          "id" : "40005916"
        }, {
          "id" : "40005917"
        } ],
        "checkPointPrizes" : [ {
          "id" : "40005918"
        } ],
        "totalPrize" : 5300.0,
        "drPoints" : 510.0,
        "reliabilityBonus" : null
      },
      "drPoints" : 510.0,
      "reviewCost" : null,
      "challengeFee" : null,
      "challengeStatus" : "Completed"
    }, {
      "accountId" : null,
      "id" : "40005644",
      "challengeName" : "Client 40005502 Billing Account 1 Project 3 RIA Component Contest 144",
      "challengeType" : "RIA Component",
      "clientName" : "Client 40005502",
      "clientId" : 40005502,
      "billingName" : "Client 40005502 Billing Account 1",
      "billingId" : 40005503,
      "directProjectName" : "Client 40005502 Billing Account 1 Project 3",
      "directProjectId" : 40005515,
      "challengeTechnologies" : [ "ADO.NET", "Flex", "Web Services" ],
      "challengePlatforms" : [ ],
      "challengeStartDate" : "08/01/2014 20:00",
      "challengeEndDate" : "08/20/2014 20:00",
      "memberPrize" : {
        "prizes" : [ {
          "id" : "40005912"
        }, {
          "id" : "40005913"
        } ],
        "checkPointPrizes" : [ ],
        "totalPrize" : 1200.0,
        "drPoints" : 360.0,
        "reliabilityBonus" : 240.0
      },
      "drPoints" : 360.0,
      "reviewCost" : null,
      "challengeFee" : null,
      "challengeStatus" : "Completed"
    }, {
      "accountId" : null,
      "id" : "40005643",
      "challengeName" : "Client 40005502 Billing Account 1 Project 3 Front-End Flash Contest 143",
      "challengeType" : "Front-End Flash",
      "clientName" : "Client 40005502",
      "clientId" : 40005502,
      "billingName" : "Client 40005502 Billing Account 1",
      "billingId" : 40005503,
      "directProjectName" : "Client 40005502 Billing Account 1 Project 3",
      "directProjectId" : 40005515,
      "challengeTechnologies" : [ ],
      "challengePlatforms" : [ ],
      "challengeStartDate" : "08/01/2014 20:00",
      "challengeEndDate" : "08/20/2014 20:00",
      "memberPrize" : {
        "prizes" : [ {
          "id" : "40005909"
        }, {
          "id" : "40005910"
        } ],
        "checkPointPrizes" : [ {
          "id" : "40005911"
        } ],
        "totalPrize" : 3185.0,
        "drPoints" : 510.0,
        "reliabilityBonus" : null
      },
      "drPoints" : 510.0,
      "reviewCost" : null,
      "challengeFee" : null,
      "challengeStatus" : "Completed"
    }, {
      "accountId" : null,
      "id" : "40005642",
      "challengeName" : "Client 40005502 Billing Account 1 Project 3 Assembly Competition Contest 142",
      "challengeType" : "Assembly Competition",
      "clientName" : "Client 40005502",
      "clientId" : 40005502,
      "billingName" : "Client 40005502 Billing Account 1",
      "billingId" : 40005503,
      "directProjectName" : "Client 40005502 Billing Account 1 Project 3",
      "directProjectId" : 40005515,
      "challengeTechnologies" : [ ".NET", "ActionScript", "JDBC", "JavaScript", "Remoting" ],
      "challengePlatforms" : [ ],
      "challengeStartDate" : "08/01/2014 20:00",
      "challengeEndDate" : "08/20/2014 20:00",
      "memberPrize" : {
        "prizes" : [ {
          "id" : "40005907"
        }, {
          "id" : "40005908"
        } ],
        "checkPointPrizes" : [ ],
        "totalPrize" : 1200.0,
        "drPoints" : 360.0,
        "reliabilityBonus" : 240.0
      },
      "drPoints" : 360.0,
      "reviewCost" : null,
      "challengeFee" : null,
      "challengeStatus" : "Completed"
    }, {
      "accountId" : null,
      "id" : "40005641",
      "challengeName" : "Client 40005502 Billing Account 1 Project 3 Content Creation Contest 141",
      "challengeType" : "Content Creation",
      "clientName" : "Client 40005502",
      "clientId" : 40005502,
      "billingName" : "Client 40005502 Billing Account 1",
      "billingId" : 40005503,
      "directProjectName" : "Client 40005502 Billing Account 1 Project 3",
      "directProjectId" : 40005515,
      "challengeTechnologies" : [ ],
      "challengePlatforms" : [ ],
      "challengeStartDate" : "08/01/2014 20:00",
      "challengeEndDate" : "08/20/2014 20:00",
      "memberPrize" : {
        "prizes" : [ {
          "id" : "40005905"
        }, {
          "id" : "40005906"
        } ],
        "checkPointPrizes" : [ ],
        "totalPrize" : 1500.0,
        "drPoints" : 450.0,
        "reliabilityBonus" : 300.0
      },
      "drPoints" : 450.0,
      "reviewCost" : null,
      "challengeFee" : null,
      "challengeStatus" : "Completed"
    } ]
  },
  "version" : "v2"
}