{
  "id" : "375d5da9:1483af80904:-7fe5",
  "result" : {
    "success" : true,
    "status" : 200,
    "content" : [ ]
  },
  "version" : "v2"
}