{
  "id" : "375d5da9:1483af80904:-7fed",
  "result" : {
    "success" : true,
    "status" : 200,
    "content" : [ {
      "accountId" : null,
      "id" : "40005740",
      "challengeName" : "Client 40005502 Billing Account 2 Project 6 Assembly Competition Contest 240",
      "challengeType" : "Assembly Competition",
      "clientName" : "Client 40005502",
      "clientId" : 40005502,
      "billingName" : "Client 40005502 Billing Account 2",
      "billingId" : 40005504,
      "directProjectName" : "Client 40005502 Billing Account 2 Project 6",
      "directProjectId" : 40005524,
      "challengeTechnologies" : [ ".NET 3.5", "C#", "HTTP", "MySQL", "VB.NET" ],
      "challengePlatforms" : [ ],
      "challengeStartDate" : "08/01/2014 20:00",
      "challengeEndDate" : "08/20/2014 20:00",
      "memberPrize" : {
        "prizes" : [ {
          "id" : "40006194"
        }, {
          "id" : "40006195"
        } ],
        "checkPointPrizes" : [ ],
        "totalPrize" : 1200.0,
        "drPoints" : 360.0,
        "reliabilityBonus" : 240.0
      },
      "drPoints" : 360.0,
      "reviewCost" : null,
      "challengeFee" : null,
      "challengeStatus" : "Cancelled - Requirements Infeasible"
    }, {
      "accountId" : null,
      "id" : "40005739",
      "challengeName" : "Client 40005502 Billing Account 2 Project 6 Print/Presentation Contest 239",
      "challengeType" : "Print/Presentation",
      "clientName" : "Client 40005502",
      "clientId" : 40005502,
      "billingName" : "Client 40005502 Billing Account 2",
      "billingId" : 40005504,
      "directProjectName" : "Client 40005502 Billing Account 2 Project 6",
      "directProjectId" : 40005524,
      "challengeTechnologies" : [ ],
      "challengePlatforms" : [ ],
      "challengeStartDate" : "08/01/2014 20:00",
      "challengeEndDate" : "08/20/2014 20:00",
      "memberPrize" : {
        "prizes" : [ {
          "id" : "40006191"
        }, {
          "id" : "40006192"
        } ],
        "checkPointPrizes" : [ {
          "id" : "40006193"
        } ],
        "totalPrize" : 3465.0,
        "drPoints" : 510.0,
        "reliabilityBonus" : null
      },
      "drPoints" : 510.0,
      "reviewCost" : null,
      "challengeFee" : null,
      "challengeStatus" : "Draft"
    } ]
  },
  "version" : "v2"
}