{
  "id" : "375d5da9:1483af80904:-7ffe",
  "result" : {
    "success" : true,
    "status" : 200,
    "content" : [ {
      "accountId" : null,
      "id" : "40005733",
      "challengeName" : "Client 40005502 Billing Account 2 Project 6 Development Contest 233",
      "challengeType" : "Development",
      "clientName" : "Client 40005502",
      "clientId" : 40005502,
      "billingName" : "Client 40005502 Billing Account 2",
      "billingId" : 40005504,
      "directProjectName" : "Client 40005502 Billing Account 2 Project 6",
      "directProjectId" : 40005524,
      "challengeTechnologies" : [ ".NET", "COM" ],
      "challengePlatforms" : [ ],
      "challengeStartDate" : "08/01/2014 20:00",
      "challengeEndDate" : "08/20/2014 20:00",
      "memberPrize" : {
        "prizes" : [ {
          "id" : "40006173"
        }, {
          "id" : "40006174"
        } ],
        "checkPointPrizes" : [ ],
        "totalPrize" : 1200.0,
        "drPoints" : 360.0,
        "reliabilityBonus" : 240.0
      },
      "drPoints" : 360.0,
      "reviewCost" : null,
      "challengeFee" : null,
      "challengeStatus" : "Completed"
    }, {
      "accountId" : null,
      "id" : "40005683",
      "challengeName" : "Client 40005502 Billing Account 2 Project 1 Development Contest 183",
      "challengeType" : "Development",
      "clientName" : "Client 40005502",
      "clientId" : 40005502,
      "billingName" : "Client 40005502 Billing Account 2",
      "billingId" : 40005504,
      "directProjectName" : "Client 40005502 Billing Account 2 Project 1",
      "directProjectId" : 40005519,
      "challengeTechnologies" : [ ".NET 3.5", "VB" ],
      "challengePlatforms" : [ ],
      "challengeStartDate" : "08/01/2014 20:00",
      "challengeEndDate" : "08/20/2014 20:00",
      "memberPrize" : {
        "prizes" : [ {
          "id" : "40006031"
        }, {
          "id" : "40006032"
        } ],
        "checkPointPrizes" : [ ],
        "totalPrize" : 1500.0,
        "drPoints" : 450.0,
        "reliabilityBonus" : 300.0
      },
      "drPoints" : 450.0,
      "reviewCost" : null,
      "challengeFee" : null,
      "challengeStatus" : "Completed"
    }, {
      "accountId" : null,
      "id" : "40005676",
      "challengeName" : "Client 40005502 Billing Account 1 Project 6 Development Contest 176",
      "challengeType" : "Development",
      "clientName" : "Client 40005502",
      "clientId" : 40005502,
      "billingName" : "Client 40005502 Billing Account 1",
      "billingId" : 40005503,
      "directProjectName" : "Client 40005502 Billing Account 1 Project 6",
      "directProjectId" : 40005518,
      "challengeTechnologies" : [ "Java" ],
      "challengePlatforms" : [ ],
      "challengeStartDate" : "08/01/2014 20:00",
      "challengeEndDate" : "08/20/2014 20:00",
      "memberPrize" : {
        "prizes" : [ {
          "id" : "40006006"
        }, {
          "id" : "40006007"
        } ],
        "checkPointPrizes" : [ ],
        "totalPrize" : 1200.0,
        "drPoints" : 360.0,
        "reliabilityBonus" : 240.0
      },
      "drPoints" : 360.0,
      "reviewCost" : null,
      "challengeFee" : null,
      "challengeStatus" : "Active"
    }, {
      "accountId" : null,
      "id" : "40005623",
      "challengeName" : "Client 40005502 Billing Account 1 Project 1 Development Contest 123",
      "challengeType" : "Development",
      "clientName" : "Client 40005502",
      "clientId" : 40005502,
      "billingName" : "Client 40005502 Billing Account 1",
      "billingId" : 40005503,
      "directProjectName" : "Client 40005502 Billing Account 1 Project 1",
      "directProjectId" : 40005513,
      "challengeTechnologies" : [ ".NET", "Java" ],
      "challengePlatforms" : [ ],
      "challengeStartDate" : "08/01/2014 20:00",
      "challengeEndDate" : "08/20/2014 20:00",
      "memberPrize" : {
        "prizes" : [ {
          "id" : "40005858"
        }, {
          "id" : "40005859"
        } ],
        "checkPointPrizes" : [ ],
        "totalPrize" : 1800.0,
        "drPoints" : 540.0,
        "reliabilityBonus" : 380.0
      },
      "drPoints" : 540.0,
      "reviewCost" : null,
      "challengeFee" : null,
      "challengeStatus" : "Completed"
    }, {
      "accountId" : null,
      "id" : "40005600",
      "challengeName" : "Client 40005501 Billing Account 2 Project 4 Development Contest 100",
      "challengeType" : "Development",
      "clientName" : "Client 40005501",
      "clientId" : 40005501,
      "billingName" : "Client 40005501 Billing Account 2",
      "billingId" : 40005502,
      "directProjectName" : "Client 40005501 Billing Account 2 Project 4",
      "directProjectId" : 40005510,
      "challengeTechnologies" : [ "Active Directory", "COM", "Flash", "J2EE", "MySQL" ],
      "challengePlatforms" : [ ],
      "challengeStartDate" : "08/01/2014 20:00",
      "challengeEndDate" : "08/20/2014 20:00",
      "memberPrize" : {
        "prizes" : [ {
          "id" : "40005785"
        }, {
          "id" : "40005786"
        } ],
        "checkPointPrizes" : [ ],
        "totalPrize" : 1500.0,
        "drPoints" : 450.0,
        "reliabilityBonus" : 300.0
      },
      "drPoints" : 450.0,
      "reviewCost" : null,
      "challengeFee" : null,
      "challengeStatus" : "Deleted"
    }, {
      "accountId" : null,
      "id" : "40005596",
      "challengeName" : "Client 40005501 Billing Account 2 Project 4 Development Contest 96",
      "challengeType" : "Development",
      "clientName" : "Client 40005501",
      "clientId" : 40005501,
      "billingName" : "Client 40005501 Billing Account 2",
      "billingId" : 40005502,
      "directProjectName" : "Client 40005501 Billing Account 2 Project 4",
      "directProjectId" : 40005510,
      "challengeTechnologies" : [ "ClickOnce", "SWT" ],
      "challengePlatforms" : [ ],
      "challengeStartDate" : "08/01/2014 20:00",
      "challengeEndDate" : "08/20/2014 20:00",
      "memberPrize" : {
        "prizes" : [ {
          "id" : "40005776"
        }, {
          "id" : "40005777"
        } ],
        "checkPointPrizes" : [ ],
        "totalPrize" : 1800.0,
        "drPoints" : 540.0,
        "reliabilityBonus" : 380.0
      },
      "drPoints" : 540.0,
      "reviewCost" : null,
      "challengeFee" : null,
      "challengeStatus" : "Active"
    }, {
      "accountId" : null,
      "id" : "40005576",
      "challengeName" : "Client 40005501 Billing Account 2 Project 2 Development Contest 76",
      "challengeType" : "Development",
      "clientName" : "Client 40005501",
      "clientId" : 40005501,
      "billingName" : "Client 40005501 Billing Account 2",
      "billingId" : 40005502,
      "directProjectName" : "Client 40005501 Billing Account 2 Project 2",
      "directProjectId" : 40005508,
      "challengeTechnologies" : [ "MySQL", "Objective C", "XSL" ],
      "challengePlatforms" : [ ],
      "challengeStartDate" : "08/01/2014 20:00",
      "challengeEndDate" : "08/20/2014 20:00",
      "memberPrize" : {
        "prizes" : [ {
          "id" : "40005722"
        }, {
          "id" : "40005723"
        } ],
        "checkPointPrizes" : [ ],
        "totalPrize" : 1800.0,
        "drPoints" : 540.0,
        "reliabilityBonus" : 380.0
      },
      "drPoints" : 540.0,
      "reviewCost" : null,
      "challengeFee" : null,
      "challengeStatus" : "Active"
    }, {
      "accountId" : null,
      "id" : "40005541",
      "challengeName" : "Client 40005501 Billing Account 1 Project 5 Development Contest 41",
      "challengeType" : "Development",
      "clientName" : "Client 40005501",
      "clientId" : 40005501,
      "billingName" : "Client 40005501 Billing Account 1",
      "billingId" : 40005501,
      "directProjectName" : "Client 40005501 Billing Account 1 Project 5",
      "directProjectId" : 40005505,
      "challengeTechnologies" : [ "J2EE", "JDBC", "Oracle 9i", "XML" ],
      "challengePlatforms" : [ ],
      "challengeStartDate" : "08/01/2014 20:00",
      "challengeEndDate" : "08/20/2014 20:00",
      "memberPrize" : {
        "prizes" : [ {
          "id" : "40005622"
        }, {
          "id" : "40005623"
        } ],
        "checkPointPrizes" : [ ],
        "totalPrize" : 1500.0,
        "drPoints" : 450.0,
        "reliabilityBonus" : 300.0
      },
      "drPoints" : 450.0,
      "reviewCost" : null,
      "challengeFee" : null,
      "challengeStatus" : "Completed"
    }, {
      "accountId" : null,
      "id" : "40005534",
      "challengeName" : "Client 40005501 Billing Account 1 Project 4 Development Contest 34",
      "challengeType" : "Development",
      "clientName" : "Client 40005501",
      "clientId" : 40005501,
      "billingName" : "Client 40005501 Billing Account 1",
      "billingId" : 40005501,
      "directProjectName" : "Client 40005501 Billing Account 1 Project 4",
      "directProjectId" : 40005504,
      "challengeTechnologies" : [ "ADO.NET", "ASP.NET AJAX", "COM" ],
      "challengePlatforms" : [ ],
      "challengeStartDate" : "08/01/2014 20:00",
      "challengeEndDate" : "08/20/2014 20:00",
      "memberPrize" : {
        "prizes" : [ {
          "id" : "40005603"
        }, {
          "id" : "40005604"
        } ],
        "checkPointPrizes" : [ ],
        "totalPrize" : 1800.0,
        "drPoints" : 540.0,
        "reliabilityBonus" : 380.0
      },
      "drPoints" : 540.0,
      "reviewCost" : null,
      "challengeFee" : null,
      "challengeStatus" : "Completed"
    }, {
      "accountId" : null,
      "id" : "40005512",
      "challengeName" : "Client 40005501 Billing Account 1 Project 2 Development Contest 12",
      "challengeType" : "Development",
      "clientName" : "Client 40005501",
      "clientId" : 40005501,
      "billingName" : "Client 40005501 Billing Account 1",
      "billingId" : 40005501,
      "directProjectName" : "Client 40005501 Billing Account 1 Project 2",
      "directProjectId" : 40005502,
      "challengeTechnologies" : [ ".NET 3.5", "Java Application", "Ruby" ],
      "challengePlatforms" : [ ],
      "challengeStartDate" : "08/01/2014 20:00",
      "challengeEndDate" : "08/20/2014 20:00",
      "memberPrize" : {
        "prizes" : [ {
          "id" : "40005538"
        }, {
          "id" : "40005539"
        } ],
        "checkPointPrizes" : [ ],
        "totalPrize" : 1200.0,
        "drPoints" : 360.0,
        "reliabilityBonus" : 240.0
      },
      "drPoints" : 360.0,
      "reviewCost" : null,
      "challengeFee" : null,
      "challengeStatus" : "Completed"
    } ]
  },
  "version" : "v2"
}