{
  "id": "23681f5f:14ac320cce2:-7ffb",
  "result": {
    "success": true,
    "status": 200,
    "metadata": {
      "fields": null,
      "totalCount": 3
    },
    "content": [
      {
        "id": "30000021",
        "projectName": "Client 30000003 Billing Account 2 Project 3",
        "projectStatusId": 2,
        "projectStatusName": "Inactive",
        "projectCreatedDate": "12/11/2014 21:12",
        "projectCreatedBy": 132456,
        "projectLastUpdatedDate": "12/17/2014 03:18",
        "billings": [
          {
            "id": "30000007",

            "name": "Client 30000003 Secret Billing Account 2"
          }
        ]
      },
      {
        "id": "30000020",
        "projectName": "Client 30000003 Billing Account 2 Project 2",
        "projectStatusId": 1,
        "projectStatusName": "Active",
        "projectCreatedDate": "12/12/2014 20:12",
        "projectCreatedBy": 124916,
        "projectLastUpdatedDate": "12/17/2014 20:18",
        "billings": [
          {
            "id": "30000007",

            "name": "Client 30000003 Secret Billing Account 2"
          }
        ]
      },
      {
        "id": "30000019",
        "projectName": "Client 30000003 Billing Account 2 Project 1",
        "projectStatusId": 5,
        "projectStatusName": "Draft",
        "projectCreatedDate": "12/13/2014 19:12",
        "projectCreatedBy": 132458,
        "projectLastUpdatedDate": "12/18/2014 13:18",
        "billings": [
          {
            "id": "30000007",

            "name": "Client 30000003 Secret Billing Account 2"
          }
        ]
      }
    ]
  },
  "version": "v2"
}