{
  "id": "-2c1229fb:14ac4f3fe18:-7ff9",
  "result": {
    "success": true,
    "status": 200,
    "metadata": {
      "fields": null,
      "totalCount": 4
    },
    "content": [
      {
        "id": "30000001",
        "projectName": "Client 30000001 Billing Account 1 Web Application Project 1",
        "projectStatusId": 2,
        "projectStatusName": "Inactive",
        "projectCreatedDate": "12/31/2014 01:12",
        "projectCreatedBy": 132458,
        "projectLastUpdatedDate": "12/31/2014 07:18",
        "billings": [
          {
            "id": "30000001",

            "name": "Client 30000001 Major Billing Account 1"
          },
          {
            "id": "30000002",

            "name": "Client 30000001 Minor Billing Account 2"
          },
          {
            "id": "30000003",

            "name": "Client 30000001 Secret Billing Account 3"
          }
        ]
      },
      {
        "id": "30000004",
        "projectName": "Client 30000001 Billing Account 2 Business Project 1",
        "projectStatusId": 5,
        "projectStatusName": "Draft",
        "projectCreatedDate": "12/28/2014 04:12",
        "projectCreatedBy": 132458,
        "projectLastUpdatedDate": "12/29/2014 04:18",
        "billings": [
          {
            "id": "30000002",

            "name": "Client 30000001 Minor Billing Account 2"
          }
        ]
      },
      {
        "id": "30000005",
        "projectName": "Client 30000001 Billing Account 2 Studio Design Project 2",
        "projectStatusId": 1,
        "projectStatusName": "Active",
        "projectCreatedDate": "12/27/2014 05:12",
        "projectCreatedBy": 124916,
        "projectLastUpdatedDate": "12/28/2014 11:18",
        "billings": [
          {
            "id": "30000002",

            "name": "Client 30000001 Minor Billing Account 2"
          }
        ]
      },
      {
        "id": "30000006",
        "projectName": "Client 30000001 Billing Account 2 REST API Project 3",
        "projectStatusId": 2,
        "projectStatusName": "Inactive",
        "projectCreatedDate": "12/26/2014 06:12",
        "projectCreatedBy": 132456,
        "projectLastUpdatedDate": "12/27/2014 18:18",
        "billings": [
          {
            "id": "30000002",

            "name": "Client 30000001 Minor Billing Account 2"
          }
        ]
      }
    ]
  },
  "version": "v2"
}