{
  "id": "23681f5f:14ac320cce2:-7fea",
  "result": {
    "success": true,
    "status": 200,
    "metadata": {
      "fields": null,
      "totalCount": 1
    },
    "content": []
  },
  "version": "v2"
}