{
  "id": "-52e0954c:14ae7f2b20b:-7fae",
  "result": {
    "success": true,
    "status": 200,
    "metadata": null,
    "content": []
  },
  "version": "v2"
}