{
  "id": "-52e0954c:14ae7f2b20b:-7ff2",
  "result": {
    "success": true,
    "status": 200,
    "metadata": {
      "fields": null,
      "totalCount": 40
    },
    "content": [
      {
        "accountId": null,
        "id": "40005733",
        "challengeName": "Client 40005502 Billing Account 2 Project 6 Development Contest 233",
        "challengeType": "Development",
        "clientName": "Client 40005502",
        "clientId": 40005502,
        "billingName": "Client 40005502 Billing Account 2",
        "billingId": 40005504,
        "directProjectName": "Client 40005502 Billing Account 2 Project 6",
        "directProjectId": 40005524,
        "challengeTechnologies": [
          ".NET",
          "COM"
        ],
        "challengePlatforms": [],
        "challengeStartDate": "08/01/2014 20:00",
        "challengeEndDate": "08/20/2014 20:00",
        "drPoints": 360,
        "reviewCost": null,
        "challengeFee": null,
        "challengeStatus": "Completed",
        "challengeCreator": "heffan",
        "prizes": [
          {
            "accountId": null,
            "id": "40006173",
            "placement": 1,
            "numberOfPrize": null,
            "prizeAmount": 800,
            "prizeType": 15,
            "challengeId": 40005733
          },
          {
            "accountId": null,
            "id": "40006174",
            "placement": 2,
            "numberOfPrize": null,
            "prizeAmount": 400,
            "prizeType": 15,
            "challengeId": 40005733
          }
        ],
        "checkPointPrizes": [],
        "totalPrize": 1200,
        "reliabilityBonus": 240
      },
      {
        "accountId": null,
        "id": "40005710",
        "challengeName": "Client 40005502 Billing Account 2 Project 3 Design Contest 210",
        "challengeType": "Design",
        "clientName": "Client 40005502",
        "clientId": 40005502,
        "billingName": "Client 40005502 Billing Account 2",
        "billingId": 40005504,
        "directProjectName": "Client 40005502 Billing Account 2 Project 3",
        "directProjectId": 40005521,
        "challengeTechnologies": [
          ".NET 3.5",
          "Apache Derby",
          "Castor",
          "Custom Tag",
          "VB.NET"
        ],
        "challengePlatforms": [],
        "challengeStartDate": "08/01/2014 20:00",
        "challengeEndDate": "08/20/2014 20:00",
        "drPoints": 450,
        "reviewCost": null,
        "challengeFee": null,
        "challengeStatus": "Cancelled - Winner Unresponsive",
        "challengeCreator": "heffan",
        "prizes": [
          {
            "accountId": null,
            "id": "40006108",
            "placement": 1,
            "numberOfPrize": null,
            "prizeAmount": 1000,
            "prizeType": 15,
            "challengeId": 40005710
          },
          {
            "accountId": null,
            "id": "40006109",
            "placement": 2,
            "numberOfPrize": null,
            "prizeAmount": 500,
            "prizeType": 15,
            "challengeId": 40005710
          }
        ],
        "checkPointPrizes": [],
        "totalPrize": 1500,
        "reliabilityBonus": 300
      },
      {
        "accountId": null,
        "id": "40005689",
        "challengeName": "Client 40005502 Billing Account 2 Project 1 Design Contest 189",
        "challengeType": "Design",
        "clientName": "Client 40005502",
        "clientId": 40005502,
        "billingName": "Client 40005502 Billing Account 2",
        "billingId": 40005504,
        "directProjectName": "Client 40005502 Billing Account 2 Project 1",
        "directProjectId": 40005519,
        "challengeTechnologies": [
          "AJAX",
          "HTML",
          "HTTP",
          "Windows Server 2003"
        ],
        "challengePlatforms": [],
        "challengeStartDate": "08/01/2014 20:00",
        "challengeEndDate": "08/20/2014 20:00",
        "drPoints": 540,
        "reviewCost": null,
        "challengeFee": null,
        "challengeStatus": "Cancelled - Failed Screening",
        "challengeCreator": "heffan",
        "prizes": [
          {
            "accountId": null,
            "id": "40006048",
            "placement": 1,
            "numberOfPrize": null,
            "prizeAmount": 1200,
            "prizeType": 15,
            "challengeId": 40005689
          },
          {
            "accountId": null,
            "id": "40006049",
            "placement": 2,
            "numberOfPrize": null,
            "prizeAmount": 600,
            "prizeType": 15,
            "challengeId": 40005689
          }
        ],
        "checkPointPrizes": [],
        "totalPrize": 1800,
        "reliabilityBonus": 380
      },
      {
        "accountId": null,
        "id": "40005683",
        "challengeName": "Client 40005502 Billing Account 2 Project 1 Development Contest 183",
        "challengeType": "Development",
        "clientName": "Client 40005502",
        "clientId": 40005502,
        "billingName": "Client 40005502 Billing Account 2",
        "billingId": 40005504,
        "directProjectName": "Client 40005502 Billing Account 2 Project 1",
        "directProjectId": 40005519,
        "challengeTechnologies": [
          ".NET 3.5",
          "VB"
        ],
        "challengePlatforms": [],
        "challengeStartDate": "08/01/2014 20:00",
        "challengeEndDate": "08/20/2014 20:00",
        "drPoints": 450,
        "reviewCost": null,
        "challengeFee": null,
        "challengeStatus": "Completed",
        "challengeCreator": "heffan",
        "prizes": [
          {
            "accountId": null,
            "id": "40006031",
            "placement": 1,
            "numberOfPrize": null,
            "prizeAmount": 1000,
            "prizeType": 15,
            "challengeId": 40005683
          },
          {
            "accountId": null,
            "id": "40006032",
            "placement": 2,
            "numberOfPrize": null,
            "prizeAmount": 500,
            "prizeType": 15,
            "challengeId": 40005683
          }
        ],
        "checkPointPrizes": [],
        "totalPrize": 1500,
        "reliabilityBonus": 300
      },
      {
        "accountId": null,
        "id": "40005676",
        "challengeName": "Client 40005502 Billing Account 1 Project 6 Development Contest 176",
        "challengeType": "Development",
        "clientName": "Client 40005502",
        "clientId": 40005502,
        "billingName": "Client 40005502 Billing Account 1",
        "billingId": 40005503,
        "directProjectName": "Client 40005502 Billing Account 1 Project 6",
        "directProjectId": 40005518,
        "challengeTechnologies": [
          "Java"
        ],
        "challengePlatforms": [],
        "challengeStartDate": "08/01/2014 20:00",
        "challengeEndDate": "08/20/2014 20:00",
        "drPoints": 360,
        "reviewCost": null,
        "challengeFee": null,
        "challengeStatus": "Active",
        "challengeCreator": "heffan",
        "prizes": [
          {
            "accountId": null,
            "id": "40006006",
            "placement": 1,
            "numberOfPrize": null,
            "prizeAmount": 800,
            "prizeType": 15,
            "challengeId": 40005676
          },
          {
            "accountId": null,
            "id": "40006007",
            "placement": 2,
            "numberOfPrize": null,
            "prizeAmount": 400,
            "prizeType": 15,
            "challengeId": 40005676
          }
        ],
        "checkPointPrizes": [],
        "totalPrize": 1200,
        "reliabilityBonus": 240
      },
      {
        "accountId": null,
        "id": "40005663",
        "challengeName": "Client 40005502 Billing Account 1 Project 5 Design Contest 163",
        "challengeType": "Design",
        "clientName": "Client 40005502",
        "clientId": 40005502,
        "billingName": "Client 40005502 Billing Account 1",
        "billingId": 40005503,
        "directProjectName": "Client 40005502 Billing Account 1 Project 5",
        "directProjectId": 40005517,
        "challengeTechnologies": [
          "CSS",
          "SQL Server 2000",
          "XAML"
        ],
        "challengePlatforms": [],
        "challengeStartDate": "08/01/2014 20:00",
        "challengeEndDate": "08/20/2014 20:00",
        "drPoints": 450,
        "reviewCost": null,
        "challengeFee": null,
        "challengeStatus": "Completed",
        "challengeCreator": "heffan",
        "prizes": [
          {
            "accountId": null,
            "id": "40005966",
            "placement": 1,
            "numberOfPrize": null,
            "prizeAmount": 1000,
            "prizeType": 15,
            "challengeId": 40005663
          },
          {
            "accountId": null,
            "id": "40005967",
            "placement": 2,
            "numberOfPrize": null,
            "prizeAmount": 500,
            "prizeType": 15,
            "challengeId": 40005663
          }
        ],
        "checkPointPrizes": [],
        "totalPrize": 1500,
        "reliabilityBonus": 300
      },
      {
        "accountId": null,
        "id": "40005660",
        "challengeName": "Client 40005502 Billing Account 1 Project 4 Design Contest 160",
        "challengeType": "Design",
        "clientName": "Client 40005502",
        "clientId": 40005502,
        "billingName": "Client 40005502 Billing Account 1",
        "billingId": 40005503,
        "directProjectName": "Client 40005502 Billing Account 1 Project 4",
        "directProjectId": 40005516,
        "challengeTechnologies": [
          ".NET 3.0",
          "Custom Tag"
        ],
        "challengePlatforms": [],
        "challengeStartDate": "08/01/2014 20:00",
        "challengeEndDate": "08/20/2014 20:00",
        "drPoints": 360,
        "reviewCost": null,
        "challengeFee": null,
        "challengeStatus": "Cancelled - Zero Registrations",
        "challengeCreator": "heffan",
        "prizes": [
          {
            "accountId": null,
            "id": "40005958",
            "placement": 1,
            "numberOfPrize": null,
            "prizeAmount": 800,
            "prizeType": 15,
            "challengeId": 40005660
          },
          {
            "accountId": null,
            "id": "40005959",
            "placement": 2,
            "numberOfPrize": null,
            "prizeAmount": 400,
            "prizeType": 15,
            "challengeId": 40005660
          }
        ],
        "checkPointPrizes": [],
        "totalPrize": 1200,
        "reliabilityBonus": 240
      },
      {
        "accountId": null,
        "id": "40005627",
        "challengeName": "Client 40005502 Billing Account 1 Project 1 Design Contest 127",
        "challengeType": "Design",
        "clientName": "Client 40005502",
        "clientId": 40005502,
        "billingName": "Client 40005502 Billing Account 1",
        "billingId": 40005503,
        "directProjectName": "Client 40005502 Billing Account 1 Project 1",
        "directProjectId": 40005513,
        "challengeTechnologies": [
          "C++",
          "JSF",
          "Oracle 9i"
        ],
        "challengePlatforms": [],
        "challengeStartDate": "08/01/2014 20:00",
        "challengeEndDate": "08/20/2014 20:00",
        "drPoints": 360,
        "reviewCost": null,
        "challengeFee": null,
        "challengeStatus": "Active",
        "challengeCreator": "heffan",
        "prizes": [
          {
            "accountId": null,
            "id": "40005869",
            "placement": 1,
            "numberOfPrize": null,
            "prizeAmount": 800,
            "prizeType": 15,
            "challengeId": 40005627
          },
          {
            "accountId": null,
            "id": "40005870",
            "placement": 2,
            "numberOfPrize": null,
            "prizeAmount": 400,
            "prizeType": 15,
            "challengeId": 40005627
          }
        ],
        "checkPointPrizes": [],
        "totalPrize": 1200,
        "reliabilityBonus": 240
      },
      {
        "accountId": null,
        "id": "40005623",
        "challengeName": "Client 40005502 Billing Account 1 Project 1 Development Contest 123",
        "challengeType": "Development",
        "clientName": "Client 40005502",
        "clientId": 40005502,
        "billingName": "Client 40005502 Billing Account 1",
        "billingId": 40005503,
        "directProjectName": "Client 40005502 Billing Account 1 Project 1",
        "directProjectId": 40005513,
        "challengeTechnologies": [
          ".NET",
          "Java"
        ],
        "challengePlatforms": [],
        "challengeStartDate": "08/01/2014 20:00",
        "challengeEndDate": "08/20/2014 20:00",
        "drPoints": 540,
        "reviewCost": null,
        "challengeFee": null,
        "challengeStatus": "Completed",
        "challengeCreator": "heffan",
        "prizes": [
          {
            "accountId": null,
            "id": "40005858",
            "placement": 1,
            "numberOfPrize": null,
            "prizeAmount": 1200,
            "prizeType": 15,
            "challengeId": 40005623
          },
          {
            "accountId": null,
            "id": "40005859",
            "placement": 2,
            "numberOfPrize": null,
            "prizeAmount": 600,
            "prizeType": 15,
            "challengeId": 40005623
          }
        ],
        "checkPointPrizes": [],
        "totalPrize": 1800,
        "reliabilityBonus": 380
      },
      {
        "accountId": null,
        "id": "40005606",
        "challengeName": "Client 40005501 Billing Account 2 Project 5 Design Contest 106",
        "challengeType": "Design",
        "clientName": "Client 40005501",
        "clientId": 40005501,
        "billingName": "Client 40005501 Billing Account 2",
        "billingId": 40005502,
        "directProjectName": "Client 40005501 Billing Account 2 Project 5",
        "directProjectId": 40005511,
        "challengeTechnologies": [
          "Swing"
        ],
        "challengePlatforms": [],
        "challengeStartDate": "08/01/2014 20:00",
        "challengeEndDate": "08/20/2014 20:00",
        "drPoints": 540,
        "reviewCost": null,
        "challengeFee": null,
        "challengeStatus": "Active",
        "challengeCreator": "heffan",
        "prizes": [
          {
            "accountId": null,
            "id": "40005799",
            "placement": 1,
            "numberOfPrize": null,
            "prizeAmount": 1200,
            "prizeType": 15,
            "challengeId": 40005606
          },
          {
            "accountId": null,
            "id": "40005800",
            "placement": 2,
            "numberOfPrize": null,
            "prizeAmount": 600,
            "prizeType": 15,
            "challengeId": 40005606
          }
        ],
        "checkPointPrizes": [],
        "totalPrize": 1800,
        "reliabilityBonus": 380
      }
    ]
  },
  "version": "v2"
}