{
  "id" : "375d5da9:1483af80904:-7fea",
  "result" : {
    "success" : true,
    "status" : 200,
    "content" : [ {
      "accountId" : null,
      "id" : "991",
      "challengeName" : "Component 100",
      "challengeType" : "Assembly Competition",
      "clientName" : null,
      "clientId" : 0,
      "billingName" : null,
      "billingId" : 0,
      "directProjectName" : null,
      "directProjectId" : null,
      "challengeTechnologies" : [ "J2EE" ],
      "challengePlatforms" : [ ],
      "challengeStartDate" : "08/01/2014 20:00",
      "challengeEndDate" : "08/20/2014 20:00",
      "memberPrize" : {
        "prizes" : null,
        "checkPointPrizes" : null,
        "totalPrize" : 0.0,
        "drPoints" : 0.0,
        "reliabilityBonus" : null
      },
      "drPoints" : 0.0,
      "reviewCost" : null,
      "challengeFee" : null,
      "challengeStatus" : "Draft"
    }, {
      "accountId" : null,
      "id" : "941",
      "challengeName" : "Component 95",
      "challengeType" : "Design",
      "clientName" : null,
      "clientId" : 0,
      "billingName" : null,
      "billingId" : 0,
      "directProjectName" : null,
      "directProjectId" : null,
      "challengeTechnologies" : [ "J2EE" ],
      "challengePlatforms" : [ ],
      "challengeStartDate" : "08/01/2014 20:00",
      "challengeEndDate" : "08/20/2014 20:00",
      "memberPrize" : {
        "prizes" : null,
        "checkPointPrizes" : null,
        "totalPrize" : 0.0,
        "drPoints" : 0.0,
        "reliabilityBonus" : null
      },
      "drPoints" : 0.0,
      "reviewCost" : null,
      "challengeFee" : null,
      "challengeStatus" : "Draft"
    }, {
      "accountId" : null,
      "id" : "871",
      "challengeName" : "Component 88",
      "challengeType" : "Architecture",
      "clientName" : null,
      "clientId" : 0,
      "billingName" : null,
      "billingId" : 0,
      "directProjectName" : null,
      "directProjectId" : null,
      "challengeTechnologies" : [ "J2EE" ],
      "challengePlatforms" : [ ],
      "challengeStartDate" : "08/01/2014 20:00",
      "challengeEndDate" : "08/20/2014 20:00",
      "memberPrize" : {
        "prizes" : null,
        "checkPointPrizes" : null,
        "totalPrize" : 0.0,
        "drPoints" : 0.0,
        "reliabilityBonus" : null
      },
      "drPoints" : 0.0,
      "reviewCost" : null,
      "challengeFee" : null,
      "challengeStatus" : "Draft"
    }, {
      "accountId" : null,
      "id" : "821",
      "challengeName" : "Component 83",
      "challengeType" : "Assembly Competition",
      "clientName" : null,
      "clientId" : 0,
      "billingName" : null,
      "billingId" : 0,
      "directProjectName" : null,
      "directProjectId" : null,
      "challengeTechnologies" : [ "J2EE" ],
      "challengePlatforms" : [ ],
      "challengeStartDate" : "08/01/2014 20:00",
      "challengeEndDate" : "08/20/2014 20:00",
      "memberPrize" : {
        "prizes" : null,
        "checkPointPrizes" : null,
        "totalPrize" : 0.0,
        "drPoints" : 0.0,
        "reliabilityBonus" : null
      },
      "drPoints" : 0.0,
      "reviewCost" : null,
      "challengeFee" : null,
      "challengeStatus" : "Active"
    }, {
      "accountId" : null,
      "id" : "781",
      "challengeName" : "Component 79",
      "challengeType" : "Development",
      "clientName" : null,
      "clientId" : 0,
      "billingName" : null,
      "billingId" : 0,
      "directProjectName" : null,
      "directProjectId" : null,
      "challengeTechnologies" : [ "J2EE" ],
      "challengePlatforms" : [ ],
      "challengeStartDate" : "08/01/2014 20:00",
      "challengeEndDate" : "08/20/2014 20:00",
      "memberPrize" : {
        "prizes" : null,
        "checkPointPrizes" : null,
        "totalPrize" : 0.0,
        "drPoints" : 0.0,
        "reliabilityBonus" : null
      },
      "drPoints" : 0.0,
      "reviewCost" : null,
      "challengeFee" : null,
      "challengeStatus" : "Draft"
    }, {
      "accountId" : null,
      "id" : "691",
      "challengeName" : "Component 70",
      "challengeType" : "Development",
      "clientName" : null,
      "clientId" : 0,
      "billingName" : null,
      "billingId" : 0,
      "directProjectName" : null,
      "directProjectId" : null,
      "challengeTechnologies" : [ "J2EE" ],
      "challengePlatforms" : [ ],
      "challengeStartDate" : "08/01/2014 20:00",
      "challengeEndDate" : "08/20/2014 20:00",
      "memberPrize" : {
        "prizes" : null,
        "checkPointPrizes" : null,
        "totalPrize" : 0.0,
        "drPoints" : 0.0,
        "reliabilityBonus" : null
      },
      "drPoints" : 0.0,
      "reviewCost" : null,
      "challengeFee" : null,
      "challengeStatus" : "Active"
    }, {
      "accountId" : null,
      "id" : "661",
      "challengeName" : "Component 67",
      "challengeType" : "Development",
      "clientName" : null,
      "clientId" : 0,
      "billingName" : null,
      "billingId" : 0,
      "directProjectName" : null,
      "directProjectId" : null,
      "challengeTechnologies" : [ "J2EE" ],
      "challengePlatforms" : [ ],
      "challengeStartDate" : "08/01/2014 20:00",
      "challengeEndDate" : "08/20/2014 20:00",
      "memberPrize" : {
        "prizes" : null,
        "checkPointPrizes" : null,
        "totalPrize" : 0.0,
        "drPoints" : 0.0,
        "reliabilityBonus" : null
      },
      "drPoints" : 0.0,
      "reviewCost" : null,
      "challengeFee" : null,
      "challengeStatus" : "Active"
    }, {
      "accountId" : null,
      "id" : "641",
      "challengeName" : "Component 65",
      "challengeType" : "Design",
      "clientName" : null,
      "clientId" : 0,
      "billingName" : null,
      "billingId" : 0,
      "directProjectName" : null,
      "directProjectId" : null,
      "challengeTechnologies" : [ "J2EE" ],
      "challengePlatforms" : [ ],
      "challengeStartDate" : "08/01/2014 20:00",
      "challengeEndDate" : "08/20/2014 20:00",
      "memberPrize" : {
        "prizes" : null,
        "checkPointPrizes" : null,
        "totalPrize" : 0.0,
        "drPoints" : 0.0,
        "reliabilityBonus" : null
      },
      "drPoints" : 0.0,
      "reviewCost" : null,
      "challengeFee" : null,
      "challengeStatus" : "Draft"
    }, {
      "accountId" : null,
      "id" : "601",
      "challengeName" : "Component 61",
      "challengeType" : "Development",
      "clientName" : null,
      "clientId" : 0,
      "billingName" : null,
      "billingId" : 0,
      "directProjectName" : null,
      "directProjectId" : null,
      "challengeTechnologies" : [ "J2EE" ],
      "challengePlatforms" : [ ],
      "challengeStartDate" : "08/01/2014 20:00",
      "challengeEndDate" : "08/20/2014 20:00",
      "memberPrize" : {
        "prizes" : null,
        "checkPointPrizes" : null,
        "totalPrize" : 0.0,
        "drPoints" : 0.0,
        "reliabilityBonus" : null
      },
      "drPoints" : 0.0,
      "reviewCost" : null,
      "challengeFee" : null,
      "challengeStatus" : "Draft"
    }, {
      "accountId" : null,
      "id" : "571",
      "challengeName" : "Component 58",
      "challengeType" : "Assembly Competition",
      "clientName" : null,
      "clientId" : 0,
      "billingName" : null,
      "billingId" : 0,
      "directProjectName" : null,
      "directProjectId" : null,
      "challengeTechnologies" : [ "J2EE" ],
      "challengePlatforms" : [ ],
      "challengeStartDate" : "08/01/2014 20:00",
      "challengeEndDate" : "08/20/2014 20:00",
      "memberPrize" : {
        "prizes" : null,
        "checkPointPrizes" : null,
        "totalPrize" : 0.0,
        "drPoints" : 0.0,
        "reliabilityBonus" : null
      },
      "drPoints" : 0.0,
      "reviewCost" : null,
      "challengeFee" : null,
      "challengeStatus" : "Draft"
    } ]
  },
  "version" : "v2"
}