{
  "id": "-52e0954c:14ae7f2b20b:-7fca",
  "result": {
    "success": true,
    "status": 200,
    "metadata": null,
    "content": [
      {
        "accountId": null,
        "id": "40005740",
        "challengeName": "Client 40005502 Billing Account 2 Project 6 Assembly Competition Contest 240",
        "challengeType": "Assembly Competition",
        "clientName": "Client 40005502",
        "clientId": 40005502,
        "billingName": "Client 40005502 Billing Account 2",
        "billingId": 40005504,
        "directProjectName": "Client 40005502 Billing Account 2 Project 6",
        "directProjectId": 40005524,
        "challengeTechnologies": [
          ".NET 3.5",
          "C#",
          "HTTP",
          "MySQL",
          "VB.NET"
        ],
        "challengePlatforms": [],
        "challengeStartDate": "08/01/2014 20:00",
        "challengeEndDate": "08/20/2014 20:00",
        "drPoints": 360,
        "reviewCost": null,
        "challengeFee": null,
        "challengeStatus": "Cancelled - Requirements Infeasible",
        "challengeCreator": "heffan",
        "prizes": [
          {
            "accountId": null,
            "id": "40006194",
            "placement": 1,
            "numberOfPrize": null,
            "prizeAmount": 800,
            "prizeType": 15,
            "challengeId": 40005740
          },
          {
            "accountId": null,
            "id": "40006195",
            "placement": 2,
            "numberOfPrize": null,
            "prizeAmount": 400,
            "prizeType": 15,
            "challengeId": 40005740
          }
        ],
        "checkPointPrizes": [],
        "totalPrize": 1200,
        "reliabilityBonus": 240
      },
      {
        "accountId": null,
        "id": "40005739",
        "challengeName": "Client 40005502 Billing Account 2 Project 6 Print/Presentation Contest 239",
        "challengeType": "Print/Presentation",
        "clientName": "Client 40005502",
        "clientId": 40005502,
        "billingName": "Client 40005502 Billing Account 2",
        "billingId": 40005504,
        "directProjectName": "Client 40005502 Billing Account 2 Project 6",
        "directProjectId": 40005524,
        "challengeTechnologies": [],
        "challengePlatforms": [],
        "challengeStartDate": "08/01/2014 20:00",
        "challengeEndDate": "08/20/2014 20:00",
        "drPoints": 510,
        "reviewCost": null,
        "challengeFee": null,
        "challengeStatus": "Draft",
        "challengeCreator": "heffan",
        "prizes": [
          {
            "accountId": null,
            "id": "40006191",
            "placement": 1,
            "numberOfPrize": null,
            "prizeAmount": 1700,
            "prizeType": 15,
            "challengeId": 40005739
          },
          {
            "accountId": null,
            "id": "40006192",
            "placement": 2,
            "numberOfPrize": null,
            "prizeAmount": 1400,
            "prizeType": 15,
            "challengeId": 40005739
          }
        ],
        "checkPointPrizes": [
          {
            "accountId": null,
            "id": "40006193",
            "placement": null,
            "numberOfPrize": 5,
            "prizeAmount": 73,
            "prizeType": 14,
            "challengeId": 40005739
          }
        ],
        "totalPrize": 3465,
        "reliabilityBonus": 0
      }
    ]
  },
  "version": "v2"
}