{
  "id" : "375d5da9:1483af80904:-7feb",
  "result" : {
    "success" : true,
    "status" : 200,
    "content" : [ {
      "accountId" : null,
      "id" : "40005738",
      "challengeName" : "Client 40005502 Billing Account 2 Project 6 Idea Generation Contest 238",
      "challengeType" : "Idea Generation",
      "clientName" : "Client 40005502",
      "clientId" : 40005502,
      "billingName" : "Client 40005502 Billing Account 2",
      "billingId" : 40005504,
      "directProjectName" : "Client 40005502 Billing Account 2 Project 6",
      "directProjectId" : 40005524,
      "challengeTechnologies" : [ ],
      "challengePlatforms" : [ ],
      "challengeStartDate" : "08/01/2014 20:00",
      "challengeEndDate" : "08/20/2014 20:00",
      "memberPrize" : {
        "prizes" : [ {
          "id" : "40006188"
        }, {
          "id" : "40006189"
        }, {
          "id" : "40006190"
        } ],
        "checkPointPrizes" : [ ],
        "totalPrize" : 4200.0,
        "drPoints" : 510.0,
        "reliabilityBonus" : null
      },
      "drPoints" : 510.0,
      "reviewCost" : null,
      "challengeFee" : null,
      "challengeStatus" : "Cancelled - Zero Submissions"
    }, {
      "accountId" : null,
      "id" : "40005737",
      "challengeName" : "Client 40005502 Billing Account 2 Project 6 Content Creation Contest 237",
      "challengeType" : "Content Creation",
      "clientName" : "Client 40005502",
      "clientId" : 40005502,
      "billingName" : "Client 40005502 Billing Account 2",
      "billingId" : 40005504,
      "directProjectName" : "Client 40005502 Billing Account 2 Project 6",
      "directProjectId" : 40005524,
      "challengeTechnologies" : [ ],
      "challengePlatforms" : [ ],
      "challengeStartDate" : "08/01/2014 20:00",
      "challengeEndDate" : "08/20/2014 20:00",
      "memberPrize" : {
        "prizes" : [ {
          "id" : "40006186"
        }, {
          "id" : "40006187"
        } ],
        "checkPointPrizes" : [ ],
        "totalPrize" : 1500.0,
        "drPoints" : 450.0,
        "reliabilityBonus" : 300.0
      },
      "drPoints" : 450.0,
      "reviewCost" : null,
      "challengeFee" : null,
      "challengeStatus" : "Cancelled - Zero Registrations"
    } ]
  },
  "version" : "v2"
}